// Jest Snapshot v1, https://goo.gl/fbAQLP

exports[`AddSelectFilter tests add filter 1`] = `
<div
  class="flex-column"
>
  <div
    style="margin-bottom: 10px;"
  >
    <a
      href="#"
    >
      <span
        aria-hidden="true"
        class="glyphicon glyphicon-chevron-left"
      />
      Back
    </a>
  </div>
  <div>
    <input
      class="form-control"
      placeholder="Filter by"
      value=""
    />
  </div>
  <div
    class="small flex-column"
  >
    <div
      style="margin: 10px 0px;"
    >
      <b>
        Available Filters
      </b>
    </div>
    <div
      class="available-filters"
    >
      <div
        class="list-group"
      >
        <a
          class="list-group-item"
          data-fieldname="number"
          href="#"
        >
          number
        </a>
        <a
          class="list-group-item"
          data-fieldname="president"
          href="#"
        >
          president
        </a>
        <a
          class="list-group-item"
          data-fieldname="birth_year"
          href="#"
        >
          birth_year
        </a>
        <a
          class="list-group-item"
          data-fieldname="death_year"
          href="#"
        >
          death_year
        </a>
        <a
          class="list-group-item"
          data-fieldname="took_office"
          href="#"
        >
          took_office
        </a>
        <a
          class="list-group-item"
          data-fieldname="left_office"
          href="#"
        >
          left_office
        </a>
        <a
          class="list-group-item"
          data-fieldname="assasinated"
          href="#"
        >
          was assasinated
        </a>
      </div>
    </div>
  </div>
</div>
`;

exports[`AddSelectFilter tests select filter 1`] = `
<div
  class="flex-column"
>
  <div
    style="margin-bottom: 10px;"
  >
    <a
      href="#"
    >
      <span
        aria-hidden="true"
        class="glyphicon glyphicon-chevron-left"
      />
      Back
    </a>
  </div>
  <div>
    <input
      class="form-control"
      placeholder="Filter by"
      value=""
    />
  </div>
  <div
    class="small flex-column"
  >
    <div
      style="margin: 10px 0px;"
    >
      <b>
        Available Filters
      </b>
    </div>
    <div
      class="available-filters"
    >
      <div
        class="list-group"
      >
        <a
          class="list-group-item"
          data-fieldname="number"
          href="#"
        >
          number
        </a>
        <a
          class="list-group-item"
          data-fieldname="president"
          href="#"
        >
          president
        </a>
        <a
          class="list-group-item"
          data-fieldname="birth_year"
          href="#"
        >
          birth_year
        </a>
        <a
          class="list-group-item"
          data-fieldname="death_year"
          href="#"
        >
          death_year
        </a>
        <a
          class="list-group-item"
          data-fieldname="took_office"
          href="#"
        >
          took_office
        </a>
        <a
          class="list-group-item"
          data-fieldname="left_office"
          href="#"
        >
          left_office
        </a>
        <a
          class="list-group-item"
          data-fieldname="assasinated"
          href="#"
        >
          was assasinated
        </a>
      </div>
    </div>
  </div>
</div>
`;

exports[`AddSelectFilter tests select filter 2`] = `
<div>
  <div
    style="margin-bottom: 10px;"
  >
    <a
      href="#"
    >
      <span
        aria-hidden="true"
        class="glyphicon glyphicon-chevron-left"
      />
      Back
    </a>
  </div>
  <div>
    <div>
      <div
        style="margin: 10px 0px;"
      >
        <b>
          birth_year
        </b>
      </div>
      <div>
        <div
          class="radio"
        >
          <label
            title=""
          >
            <input
              checked=""
              type="radio"
              value="eq"
            />
            is equal to
          </label>
        </div>
        <div
          style="margin-left: 20px;"
        >
          <span
            class="has-error"
          >
            <input
              class="form-control input-sm"
              type="number"
              value=""
            />
          </span>
        </div>
      </div>
      <div>
        <div
          class="radio"
        >
          <label
            title=""
          >
            <input
              type="radio"
              value="ne"
            />
            is not equal to
          </label>
        </div>
      </div>
      <div>
        <div
          class="radio"
        >
          <label
            title=""
          >
            <input
              type="radio"
              value="lt"
            />
            is less than
          </label>
        </div>
      </div>
      <div>
        <div
          class="radio"
        >
          <label
            title=""
          >
            <input
              type="radio"
              value="gt"
            />
            is greater than
          </label>
        </div>
      </div>
      <div>
        <div
          class="radio"
        >
          <label
            title=""
          >
            <input
              type="radio"
              value="between"
            />
            is between
          </label>
        </div>
      </div>
      <div
        style="margin-top: 20px;"
      >
        <button
          class="btn btn-sm btn-primary"
          type="button"
        >
          Apply Filter
        </button>
      </div>
    </div>
  </div>
</div>
`;
