// Jest Snapshot v1, https://goo.gl/fbAQLP

exports[`basic re-render tests render all rows when columns changed ReactPowerTable 1`] = `
<table>
  <thead>
    <tr>
      <th
        style="text-align: left; white-space: nowrap; width: 50px;"
      >
        <div>
          number
        </div>
      </th>
      <th
        style="text-align: left; white-space: nowrap; width: 140px;"
      >
        <div>
          name
        </div>
      </th>
      <th
        style="text-align: left; white-space: nowrap; width: 120px;"
      >
        <div>
          party
        </div>
      </th>
      <th
        style="text-align: left; white-space: nowrap; width: 80px;"
      >
        <div>
          birth_year
        </div>
      </th>
      <th
        style="text-align: left; white-space: nowrap; width: 80px;"
      >
        <div>
          death_year
        </div>
      </th>
      <th
        style="text-align: right; white-space: nowrap; width: 80px;"
      >
        <div>
          took_office
        </div>
      </th>
      <th
        style="text-align: left; white-space: nowrap; width: 80px;"
      >
        <div>
          left_office
        </div>
      </th>
    </tr>
  </thead>
  <tbody>
    <tr>
      <td
        style="width: 50px;"
      >
        1
      </td>
      <td
        style="width: 140px;"
      >
        George Washington
      </td>
      <td
        style="width: 120px;"
      >
        No Party
      </td>
      <td
        style="width: 80px;"
      >
        1732
      </td>
      <td
        style="width: 80px;"
      >
        1799
      </td>
      <td
        style="width: 80px; text-align: right;"
      >
        1789-04-30
      </td>
      <td
        style="width: 80px;"
      >
        1797-03-04
      </td>
    </tr>
    <tr>
      <td
        style="width: 50px;"
      >
        2
      </td>
      <td
        style="width: 140px;"
      >
        John Adams
      </td>
      <td
        style="width: 120px;"
      >
        Federalist
      </td>
      <td
        style="width: 80px;"
      >
        1735
      </td>
      <td
        style="width: 80px;"
      >
        1826
      </td>
      <td
        style="width: 80px; text-align: right;"
      >
        1797-03-04
      </td>
      <td
        style="width: 80px;"
      >
        1801-03-04
      </td>
    </tr>
    <tr>
      <td
        style="width: 50px;"
      >
        3
      </td>
      <td
        style="width: 140px;"
      >
        Thomas Jefferson
      </td>
      <td
        style="width: 120px;"
      >
        Democratic-Republican
      </td>
      <td
        style="width: 80px;"
      >
        1743
      </td>
      <td
        style="width: 80px;"
      >
        1826
      </td>
      <td
        style="width: 80px; text-align: right;"
      >
        1801-03-04
      </td>
      <td
        style="width: 80px;"
      >
        1809-03-04
      </td>
    </tr>
    <tr>
      <td
        style="width: 50px;"
      >
        4
      </td>
      <td
        style="width: 140px;"
      >
        James Madison
      </td>
      <td
        style="width: 120px;"
      >
        Democratic-Republican
      </td>
      <td
        style="width: 80px;"
      >
        1751
      </td>
      <td
        style="width: 80px;"
      >
        1836
      </td>
      <td
        style="width: 80px; text-align: right;"
      >
        1809-03-04
      </td>
      <td
        style="width: 80px;"
      >
        1817-03-04
      </td>
    </tr>
    <tr>
      <td
        style="width: 50px;"
      >
        5
      </td>
      <td
        style="width: 140px;"
      >
        James Monroe
      </td>
      <td
        style="width: 120px;"
      >
        Democratic-Republican
      </td>
      <td
        style="width: 80px;"
      >
        1758
      </td>
      <td
        style="width: 80px;"
      >
        1831
      </td>
      <td
        style="width: 80px; text-align: right;"
      >
        1817-03-04
      </td>
      <td
        style="width: 80px;"
      >
        1825-03-04
      </td>
    </tr>
  </tbody>
</table>
`;

exports[`basic re-render tests render all rows when columns changed ReactPowerTable 2`] = `
<table>
  <thead>
    <tr>
      <th
        style="text-align: left; white-space: nowrap; width: 80px;"
      >
        <div>
          number
        </div>
      </th>
      <th
        style="text-align: left; white-space: nowrap; width: 140px;"
      >
        <div>
          name
        </div>
      </th>
      <th
        style="text-align: left; white-space: nowrap; width: 120px;"
      >
        <div>
          party
        </div>
      </th>
      <th
        style="text-align: left; white-space: nowrap; width: 80px;"
      >
        <div>
          birth_year
        </div>
      </th>
      <th
        style="text-align: left; white-space: nowrap; width: 80px;"
      >
        <div>
          death_year
        </div>
      </th>
      <th
        style="text-align: right; white-space: nowrap; width: 80px;"
      >
        <div>
          took_office
        </div>
      </th>
      <th
        style="text-align: left; white-space: nowrap; width: 80px;"
      >
        <div>
          left_office
        </div>
      </th>
    </tr>
  </thead>
  <tbody>
    <tr>
      <td
        style="width: 80px;"
      >
        1
      </td>
      <td
        style="width: 140px;"
      >
        George Washington
      </td>
      <td
        style="width: 120px;"
      >
        No Party
      </td>
      <td
        style="width: 80px;"
      >
        1732
      </td>
      <td
        style="width: 80px;"
      >
        1799
      </td>
      <td
        style="width: 80px; text-align: right;"
      >
        1789-04-30
      </td>
      <td
        style="width: 80px;"
      >
        1797-03-04
      </td>
    </tr>
    <tr>
      <td
        style="width: 80px;"
      >
        2
      </td>
      <td
        style="width: 140px;"
      >
        John Adams
      </td>
      <td
        style="width: 120px;"
      >
        Federalist
      </td>
      <td
        style="width: 80px;"
      >
        1735
      </td>
      <td
        style="width: 80px;"
      >
        1826
      </td>
      <td
        style="width: 80px; text-align: right;"
      >
        1797-03-04
      </td>
      <td
        style="width: 80px;"
      >
        1801-03-04
      </td>
    </tr>
    <tr>
      <td
        style="width: 80px;"
      >
        3
      </td>
      <td
        style="width: 140px;"
      >
        Thomas Jefferson
      </td>
      <td
        style="width: 120px;"
      >
        Democratic-Republican
      </td>
      <td
        style="width: 80px;"
      >
        1743
      </td>
      <td
        style="width: 80px;"
      >
        1826
      </td>
      <td
        style="width: 80px; text-align: right;"
      >
        1801-03-04
      </td>
      <td
        style="width: 80px;"
      >
        1809-03-04
      </td>
    </tr>
    <tr>
      <td
        style="width: 80px;"
      >
        4
      </td>
      <td
        style="width: 140px;"
      >
        James Madison
      </td>
      <td
        style="width: 120px;"
      >
        Democratic-Republican
      </td>
      <td
        style="width: 80px;"
      >
        1751
      </td>
      <td
        style="width: 80px;"
      >
        1836
      </td>
      <td
        style="width: 80px; text-align: right;"
      >
        1809-03-04
      </td>
      <td
        style="width: 80px;"
      >
        1817-03-04
      </td>
    </tr>
    <tr>
      <td
        style="width: 80px;"
      >
        5
      </td>
      <td
        style="width: 140px;"
      >
        James Monroe
      </td>
      <td
        style="width: 120px;"
      >
        Democratic-Republican
      </td>
      <td
        style="width: 80px;"
      >
        1758
      </td>
      <td
        style="width: 80px;"
      >
        1831
      </td>
      <td
        style="width: 80px; text-align: right;"
      >
        1817-03-04
      </td>
      <td
        style="width: 80px;"
      >
        1825-03-04
      </td>
    </tr>
  </tbody>
</table>
`;

exports[`basic re-render tests render all rows when columns changed WithInternalPaging(ReactPowerTable) 1`] = `
<table>
  <thead>
    <tr>
      <th
        style="text-align: left; white-space: nowrap; width: 50px;"
      >
        <div>
          number
        </div>
      </th>
      <th
        style="text-align: left; white-space: nowrap; width: 140px;"
      >
        <div>
          name
        </div>
      </th>
      <th
        style="text-align: left; white-space: nowrap; width: 120px;"
      >
        <div>
          party
        </div>
      </th>
      <th
        style="text-align: left; white-space: nowrap; width: 80px;"
      >
        <div>
          birth_year
        </div>
      </th>
      <th
        style="text-align: left; white-space: nowrap; width: 80px;"
      >
        <div>
          death_year
        </div>
      </th>
      <th
        style="text-align: right; white-space: nowrap; width: 80px;"
      >
        <div>
          took_office
        </div>
      </th>
      <th
        style="text-align: left; white-space: nowrap; width: 80px;"
      >
        <div>
          left_office
        </div>
      </th>
    </tr>
  </thead>
  <tbody>
    <tr>
      <td
        style="width: 50px;"
      >
        1
      </td>
      <td
        style="width: 140px;"
      >
        George Washington
      </td>
      <td
        style="width: 120px;"
      >
        No Party
      </td>
      <td
        style="width: 80px;"
      >
        1732
      </td>
      <td
        style="width: 80px;"
      >
        1799
      </td>
      <td
        style="width: 80px; text-align: right;"
      >
        1789-04-30
      </td>
      <td
        style="width: 80px;"
      >
        1797-03-04
      </td>
    </tr>
    <tr>
      <td
        style="width: 50px;"
      >
        2
      </td>
      <td
        style="width: 140px;"
      >
        John Adams
      </td>
      <td
        style="width: 120px;"
      >
        Federalist
      </td>
      <td
        style="width: 80px;"
      >
        1735
      </td>
      <td
        style="width: 80px;"
      >
        1826
      </td>
      <td
        style="width: 80px; text-align: right;"
      >
        1797-03-04
      </td>
      <td
        style="width: 80px;"
      >
        1801-03-04
      </td>
    </tr>
    <tr>
      <td
        style="width: 50px;"
      >
        3
      </td>
      <td
        style="width: 140px;"
      >
        Thomas Jefferson
      </td>
      <td
        style="width: 120px;"
      >
        Democratic-Republican
      </td>
      <td
        style="width: 80px;"
      >
        1743
      </td>
      <td
        style="width: 80px;"
      >
        1826
      </td>
      <td
        style="width: 80px; text-align: right;"
      >
        1801-03-04
      </td>
      <td
        style="width: 80px;"
      >
        1809-03-04
      </td>
    </tr>
    <tr>
      <td
        style="width: 50px;"
      >
        4
      </td>
      <td
        style="width: 140px;"
      >
        James Madison
      </td>
      <td
        style="width: 120px;"
      >
        Democratic-Republican
      </td>
      <td
        style="width: 80px;"
      >
        1751
      </td>
      <td
        style="width: 80px;"
      >
        1836
      </td>
      <td
        style="width: 80px; text-align: right;"
      >
        1809-03-04
      </td>
      <td
        style="width: 80px;"
      >
        1817-03-04
      </td>
    </tr>
    <tr>
      <td
        style="width: 50px;"
      >
        5
      </td>
      <td
        style="width: 140px;"
      >
        James Monroe
      </td>
      <td
        style="width: 120px;"
      >
        Democratic-Republican
      </td>
      <td
        style="width: 80px;"
      >
        1758
      </td>
      <td
        style="width: 80px;"
      >
        1831
      </td>
      <td
        style="width: 80px; text-align: right;"
      >
        1817-03-04
      </td>
      <td
        style="width: 80px;"
      >
        1825-03-04
      </td>
    </tr>
  </tbody>
  <tfoot>
    <tr>
      <td
        colspan="7"
      >
        <table
          class="form-inline"
          style="width: 100%;"
        >
          <tbody>
            <tr>
              <td
                style="width: 33%; font-weight: bold;"
              >
                5 Records
              </td>
              <td
                style="width: 34%; text-align: center;"
              >
                <a
                  class="glyphicon glyphicon-fast-backward"
                  href="#"
                  style="text-decoration: none; color: silver; cursor: default;"
                />
                 
                <a
                  class="glyphicon glyphicon-backward"
                  href="#"
                  style="text-decoration: none; color: silver; cursor: default;"
                />
                 
                <span>
                  Page  
                  <span>
                    <input
                      class="form-control input-sm"
                      style="width: 60px;"
                      type="text"
                      value="1"
                    />
                  </span>
                    of 1
                </span>
                 
                <a
                  class="glyphicon glyphicon-forward"
                  href="#"
                  style="text-decoration: none; color: silver; cursor: default;"
                />
                 
                <a
                  class="glyphicon glyphicon-fast-forward"
                  href="#"
                  style="text-decoration: none; color: silver; cursor: default;"
                />
              </td>
              <td
                style="width: 33%; text-align: right;"
              >
                Show: 
                <select
                  class="form-control input-sm"
                  style="width: 80px;"
                >
                  <option
                    value="10"
                  >
                    10
                  </option>
                  <option
                    value="20"
                  >
                    20
                  </option>
                  <option
                    value="50"
                  >
                    50
                  </option>
                  <option
                    value="100"
                  >
                    100
                  </option>
                  <option
                    value="500"
                  >
                    500
                  </option>
                </select>
              </td>
            </tr>
          </tbody>
        </table>
      </td>
    </tr>
  </tfoot>
</table>
`;

exports[`basic re-render tests render all rows when columns changed WithInternalPaging(ReactPowerTable) 2`] = `
<table>
  <thead>
    <tr>
      <th
        style="text-align: left; white-space: nowrap; width: 80px;"
      >
        <div>
          number
        </div>
      </th>
      <th
        style="text-align: left; white-space: nowrap; width: 140px;"
      >
        <div>
          name
        </div>
      </th>
      <th
        style="text-align: left; white-space: nowrap; width: 120px;"
      >
        <div>
          party
        </div>
      </th>
      <th
        style="text-align: left; white-space: nowrap; width: 80px;"
      >
        <div>
          birth_year
        </div>
      </th>
      <th
        style="text-align: left; white-space: nowrap; width: 80px;"
      >
        <div>
          death_year
        </div>
      </th>
      <th
        style="text-align: right; white-space: nowrap; width: 80px;"
      >
        <div>
          took_office
        </div>
      </th>
      <th
        style="text-align: left; white-space: nowrap; width: 80px;"
      >
        <div>
          left_office
        </div>
      </th>
    </tr>
  </thead>
  <tbody>
    <tr>
      <td
        style="width: 80px;"
      >
        1
      </td>
      <td
        style="width: 140px;"
      >
        George Washington
      </td>
      <td
        style="width: 120px;"
      >
        No Party
      </td>
      <td
        style="width: 80px;"
      >
        1732
      </td>
      <td
        style="width: 80px;"
      >
        1799
      </td>
      <td
        style="width: 80px; text-align: right;"
      >
        1789-04-30
      </td>
      <td
        style="width: 80px;"
      >
        1797-03-04
      </td>
    </tr>
    <tr>
      <td
        style="width: 80px;"
      >
        2
      </td>
      <td
        style="width: 140px;"
      >
        John Adams
      </td>
      <td
        style="width: 120px;"
      >
        Federalist
      </td>
      <td
        style="width: 80px;"
      >
        1735
      </td>
      <td
        style="width: 80px;"
      >
        1826
      </td>
      <td
        style="width: 80px; text-align: right;"
      >
        1797-03-04
      </td>
      <td
        style="width: 80px;"
      >
        1801-03-04
      </td>
    </tr>
    <tr>
      <td
        style="width: 80px;"
      >
        3
      </td>
      <td
        style="width: 140px;"
      >
        Thomas Jefferson
      </td>
      <td
        style="width: 120px;"
      >
        Democratic-Republican
      </td>
      <td
        style="width: 80px;"
      >
        1743
      </td>
      <td
        style="width: 80px;"
      >
        1826
      </td>
      <td
        style="width: 80px; text-align: right;"
      >
        1801-03-04
      </td>
      <td
        style="width: 80px;"
      >
        1809-03-04
      </td>
    </tr>
    <tr>
      <td
        style="width: 80px;"
      >
        4
      </td>
      <td
        style="width: 140px;"
      >
        James Madison
      </td>
      <td
        style="width: 120px;"
      >
        Democratic-Republican
      </td>
      <td
        style="width: 80px;"
      >
        1751
      </td>
      <td
        style="width: 80px;"
      >
        1836
      </td>
      <td
        style="width: 80px; text-align: right;"
      >
        1809-03-04
      </td>
      <td
        style="width: 80px;"
      >
        1817-03-04
      </td>
    </tr>
    <tr>
      <td
        style="width: 80px;"
      >
        5
      </td>
      <td
        style="width: 140px;"
      >
        James Monroe
      </td>
      <td
        style="width: 120px;"
      >
        Democratic-Republican
      </td>
      <td
        style="width: 80px;"
      >
        1758
      </td>
      <td
        style="width: 80px;"
      >
        1831
      </td>
      <td
        style="width: 80px; text-align: right;"
      >
        1817-03-04
      </td>
      <td
        style="width: 80px;"
      >
        1825-03-04
      </td>
    </tr>
  </tbody>
  <tfoot>
    <tr>
      <td
        colspan="7"
      >
        <table
          class="form-inline"
          style="width: 100%;"
        >
          <tbody>
            <tr>
              <td
                style="width: 33%; font-weight: bold;"
              >
                5 Records
              </td>
              <td
                style="width: 34%; text-align: center;"
              >
                <a
                  class="glyphicon glyphicon-fast-backward"
                  href="#"
                  style="text-decoration: none; color: silver; cursor: default;"
                />
                 
                <a
                  class="glyphicon glyphicon-backward"
                  href="#"
                  style="text-decoration: none; color: silver; cursor: default;"
                />
                 
                <span>
                  Page  
                  <span>
                    <input
                      class="form-control input-sm"
                      style="width: 60px;"
                      type="text"
                      value="1"
                    />
                  </span>
                    of 1
                </span>
                 
                <a
                  class="glyphicon glyphicon-forward"
                  href="#"
                  style="text-decoration: none; color: silver; cursor: default;"
                />
                 
                <a
                  class="glyphicon glyphicon-fast-forward"
                  href="#"
                  style="text-decoration: none; color: silver; cursor: default;"
                />
              </td>
              <td
                style="width: 33%; text-align: right;"
              >
                Show: 
                <select
                  class="form-control input-sm"
                  style="width: 80px;"
                >
                  <option
                    value="10"
                  >
                    10
                  </option>
                  <option
                    value="20"
                  >
                    20
                  </option>
                  <option
                    value="50"
                  >
                    50
                  </option>
                  <option
                    value="100"
                  >
                    100
                  </option>
                  <option
                    value="500"
                  >
                    500
                  </option>
                </select>
              </td>
            </tr>
          </tbody>
        </table>
      </td>
    </tr>
  </tfoot>
</table>
`;

exports[`basic re-render tests render all rows when columns changed WithInternalSorting(ReactPowerTable) 1`] = `
<table>
  <thead>
    <tr>
      <th
        style="text-align: left; white-space: nowrap; cursor: pointer; width: 50px;"
      >
        <div
          style="padding-right: 15px; position: relative;"
        >
          number 
          <span
            class="sort-asc"
            style="width: 0px; height: 0px; border-left: 5px solid transparent; border-right: 5px solid transparent; border-bottom: 5px solid gray; position: absolute; margin-left: 5px;"
          />
        </div>
      </th>
      <th
        style="text-align: left; white-space: nowrap; cursor: pointer; width: 140px;"
      >
        <div>
          name
        </div>
      </th>
      <th
        style="text-align: left; white-space: nowrap; cursor: pointer; width: 120px;"
      >
        <div>
          party
        </div>
      </th>
      <th
        style="text-align: left; white-space: nowrap; cursor: pointer; width: 80px;"
      >
        <div>
          birth_year
        </div>
      </th>
      <th
        style="text-align: left; white-space: nowrap; cursor: pointer; width: 80px;"
      >
        <div>
          death_year
        </div>
      </th>
      <th
        style="text-align: right; white-space: nowrap; cursor: pointer; width: 80px;"
      >
        <div
          style="padding-right: 15px;"
        >
          took_office
        </div>
      </th>
      <th
        style="text-align: left; white-space: nowrap; cursor: pointer; width: 80px;"
      >
        <div>
          left_office
        </div>
      </th>
    </tr>
  </thead>
  <tbody>
    <tr>
      <td
        style="width: 50px;"
      >
        1
      </td>
      <td
        style="width: 140px;"
      >
        George Washington
      </td>
      <td
        style="width: 120px;"
      >
        No Party
      </td>
      <td
        style="width: 80px;"
      >
        1732
      </td>
      <td
        style="width: 80px;"
      >
        1799
      </td>
      <td
        style="padding-right: 23px; width: 80px; text-align: right;"
      >
        1789-04-30
      </td>
      <td
        style="width: 80px;"
      >
        1797-03-04
      </td>
    </tr>
    <tr>
      <td
        style="width: 50px;"
      >
        2
      </td>
      <td
        style="width: 140px;"
      >
        John Adams
      </td>
      <td
        style="width: 120px;"
      >
        Federalist
      </td>
      <td
        style="width: 80px;"
      >
        1735
      </td>
      <td
        style="width: 80px;"
      >
        1826
      </td>
      <td
        style="padding-right: 23px; width: 80px; text-align: right;"
      >
        1797-03-04
      </td>
      <td
        style="width: 80px;"
      >
        1801-03-04
      </td>
    </tr>
    <tr>
      <td
        style="width: 50px;"
      >
        3
      </td>
      <td
        style="width: 140px;"
      >
        Thomas Jefferson
      </td>
      <td
        style="width: 120px;"
      >
        Democratic-Republican
      </td>
      <td
        style="width: 80px;"
      >
        1743
      </td>
      <td
        style="width: 80px;"
      >
        1826
      </td>
      <td
        style="padding-right: 23px; width: 80px; text-align: right;"
      >
        1801-03-04
      </td>
      <td
        style="width: 80px;"
      >
        1809-03-04
      </td>
    </tr>
    <tr>
      <td
        style="width: 50px;"
      >
        4
      </td>
      <td
        style="width: 140px;"
      >
        James Madison
      </td>
      <td
        style="width: 120px;"
      >
        Democratic-Republican
      </td>
      <td
        style="width: 80px;"
      >
        1751
      </td>
      <td
        style="width: 80px;"
      >
        1836
      </td>
      <td
        style="padding-right: 23px; width: 80px; text-align: right;"
      >
        1809-03-04
      </td>
      <td
        style="width: 80px;"
      >
        1817-03-04
      </td>
    </tr>
    <tr>
      <td
        style="width: 50px;"
      >
        5
      </td>
      <td
        style="width: 140px;"
      >
        James Monroe
      </td>
      <td
        style="width: 120px;"
      >
        Democratic-Republican
      </td>
      <td
        style="width: 80px;"
      >
        1758
      </td>
      <td
        style="width: 80px;"
      >
        1831
      </td>
      <td
        style="padding-right: 23px; width: 80px; text-align: right;"
      >
        1817-03-04
      </td>
      <td
        style="width: 80px;"
      >
        1825-03-04
      </td>
    </tr>
  </tbody>
</table>
`;

exports[`basic re-render tests render all rows when columns changed WithInternalSorting(ReactPowerTable) 2`] = `
<table>
  <thead>
    <tr>
      <th
        style="text-align: left; white-space: nowrap; cursor: pointer; width: 80px;"
      >
        <div
          style="padding-right: 15px; position: relative;"
        >
          number 
          <span
            class="sort-asc"
            style="width: 0px; height: 0px; border-left: 5px solid transparent; border-right: 5px solid transparent; border-bottom: 5px solid gray; position: absolute; margin-left: 5px;"
          />
        </div>
      </th>
      <th
        style="text-align: left; white-space: nowrap; cursor: pointer; width: 140px;"
      >
        <div>
          name
        </div>
      </th>
      <th
        style="text-align: left; white-space: nowrap; cursor: pointer; width: 120px;"
      >
        <div>
          party
        </div>
      </th>
      <th
        style="text-align: left; white-space: nowrap; cursor: pointer; width: 80px;"
      >
        <div>
          birth_year
        </div>
      </th>
      <th
        style="text-align: left; white-space: nowrap; cursor: pointer; width: 80px;"
      >
        <div>
          death_year
        </div>
      </th>
      <th
        style="text-align: right; white-space: nowrap; cursor: pointer; width: 80px;"
      >
        <div
          style="padding-right: 15px;"
        >
          took_office
        </div>
      </th>
      <th
        style="text-align: left; white-space: nowrap; cursor: pointer; width: 80px;"
      >
        <div>
          left_office
        </div>
      </th>
    </tr>
  </thead>
  <tbody>
    <tr>
      <td
        style="width: 80px;"
      >
        1
      </td>
      <td
        style="width: 140px;"
      >
        George Washington
      </td>
      <td
        style="width: 120px;"
      >
        No Party
      </td>
      <td
        style="width: 80px;"
      >
        1732
      </td>
      <td
        style="width: 80px;"
      >
        1799
      </td>
      <td
        style="padding-right: 23px; width: 80px; text-align: right;"
      >
        1789-04-30
      </td>
      <td
        style="width: 80px;"
      >
        1797-03-04
      </td>
    </tr>
    <tr>
      <td
        style="width: 80px;"
      >
        2
      </td>
      <td
        style="width: 140px;"
      >
        John Adams
      </td>
      <td
        style="width: 120px;"
      >
        Federalist
      </td>
      <td
        style="width: 80px;"
      >
        1735
      </td>
      <td
        style="width: 80px;"
      >
        1826
      </td>
      <td
        style="padding-right: 23px; width: 80px; text-align: right;"
      >
        1797-03-04
      </td>
      <td
        style="width: 80px;"
      >
        1801-03-04
      </td>
    </tr>
    <tr>
      <td
        style="width: 80px;"
      >
        3
      </td>
      <td
        style="width: 140px;"
      >
        Thomas Jefferson
      </td>
      <td
        style="width: 120px;"
      >
        Democratic-Republican
      </td>
      <td
        style="width: 80px;"
      >
        1743
      </td>
      <td
        style="width: 80px;"
      >
        1826
      </td>
      <td
        style="padding-right: 23px; width: 80px; text-align: right;"
      >
        1801-03-04
      </td>
      <td
        style="width: 80px;"
      >
        1809-03-04
      </td>
    </tr>
    <tr>
      <td
        style="width: 80px;"
      >
        4
      </td>
      <td
        style="width: 140px;"
      >
        James Madison
      </td>
      <td
        style="width: 120px;"
      >
        Democratic-Republican
      </td>
      <td
        style="width: 80px;"
      >
        1751
      </td>
      <td
        style="width: 80px;"
      >
        1836
      </td>
      <td
        style="padding-right: 23px; width: 80px; text-align: right;"
      >
        1809-03-04
      </td>
      <td
        style="width: 80px;"
      >
        1817-03-04
      </td>
    </tr>
    <tr>
      <td
        style="width: 80px;"
      >
        5
      </td>
      <td
        style="width: 140px;"
      >
        James Monroe
      </td>
      <td
        style="width: 120px;"
      >
        Democratic-Republican
      </td>
      <td
        style="width: 80px;"
      >
        1758
      </td>
      <td
        style="width: 80px;"
      >
        1831
      </td>
      <td
        style="padding-right: 23px; width: 80px; text-align: right;"
      >
        1817-03-04
      </td>
      <td
        style="width: 80px;"
      >
        1825-03-04
      </td>
    </tr>
  </tbody>
</table>
`;

exports[`basic re-render tests render only changed rows ReactPowerTable 1`] = `
<table>
  <thead>
    <tr>
      <th
        style="text-align: left; white-space: nowrap; width: 50px;"
      >
        <div>
          number
        </div>
      </th>
      <th
        style="text-align: left; white-space: nowrap; width: 140px;"
      >
        <div>
          name
        </div>
      </th>
      <th
        style="text-align: left; white-space: nowrap; width: 120px;"
      >
        <div>
          party
        </div>
      </th>
      <th
        style="text-align: left; white-space: nowrap; width: 80px;"
      >
        <div>
          birth_year
        </div>
      </th>
      <th
        style="text-align: left; white-space: nowrap; width: 80px;"
      >
        <div>
          death_year
        </div>
      </th>
      <th
        style="text-align: right; white-space: nowrap; width: 80px;"
      >
        <div>
          took_office
        </div>
      </th>
      <th
        style="text-align: left; white-space: nowrap; width: 80px;"
      >
        <div>
          left_office
        </div>
      </th>
    </tr>
  </thead>
  <tbody>
    <tr>
      <td
        style="width: 50px;"
      >
        1
      </td>
      <td
        style="width: 140px;"
      >
        George Washington
      </td>
      <td
        style="width: 120px;"
      >
        No Party
      </td>
      <td
        style="width: 80px;"
      >
        1732
      </td>
      <td
        style="width: 80px;"
      >
        1799
      </td>
      <td
        style="width: 80px; text-align: right;"
      >
        1789-04-30
      </td>
      <td
        style="width: 80px;"
      >
        1797-03-04
      </td>
    </tr>
    <tr>
      <td
        style="width: 50px;"
      >
        2
      </td>
      <td
        style="width: 140px;"
      >
        John Adams
      </td>
      <td
        style="width: 120px;"
      >
        Federalist
      </td>
      <td
        style="width: 80px;"
      >
        1735
      </td>
      <td
        style="width: 80px;"
      >
        1826
      </td>
      <td
        style="width: 80px; text-align: right;"
      >
        1797-03-04
      </td>
      <td
        style="width: 80px;"
      >
        1801-03-04
      </td>
    </tr>
    <tr>
      <td
        style="width: 50px;"
      >
        3
      </td>
      <td
        style="width: 140px;"
      >
        Thomas Jefferson
      </td>
      <td
        style="width: 120px;"
      >
        Democratic-Republican
      </td>
      <td
        style="width: 80px;"
      >
        1743
      </td>
      <td
        style="width: 80px;"
      >
        1826
      </td>
      <td
        style="width: 80px; text-align: right;"
      >
        1801-03-04
      </td>
      <td
        style="width: 80px;"
      >
        1809-03-04
      </td>
    </tr>
    <tr>
      <td
        style="width: 50px;"
      >
        4
      </td>
      <td
        style="width: 140px;"
      >
        James Madison
      </td>
      <td
        style="width: 120px;"
      >
        Democratic-Republican
      </td>
      <td
        style="width: 80px;"
      >
        1751
      </td>
      <td
        style="width: 80px;"
      >
        1836
      </td>
      <td
        style="width: 80px; text-align: right;"
      >
        1809-03-04
      </td>
      <td
        style="width: 80px;"
      >
        1817-03-04
      </td>
    </tr>
    <tr>
      <td
        style="width: 50px;"
      >
        5
      </td>
      <td
        style="width: 140px;"
      >
        James Monroe
      </td>
      <td
        style="width: 120px;"
      >
        Democratic-Republican
      </td>
      <td
        style="width: 80px;"
      >
        1758
      </td>
      <td
        style="width: 80px;"
      >
        1831
      </td>
      <td
        style="width: 80px; text-align: right;"
      >
        1817-03-04
      </td>
      <td
        style="width: 80px;"
      >
        1825-03-04
      </td>
    </tr>
  </tbody>
</table>
`;

exports[`basic re-render tests render only changed rows ReactPowerTable 2`] = `
<table>
  <thead>
    <tr>
      <th
        style="text-align: left; white-space: nowrap; width: 50px;"
      >
        <div>
          number
        </div>
      </th>
      <th
        style="text-align: left; white-space: nowrap; width: 140px;"
      >
        <div>
          name
        </div>
      </th>
      <th
        style="text-align: left; white-space: nowrap; width: 120px;"
      >
        <div>
          party
        </div>
      </th>
      <th
        style="text-align: left; white-space: nowrap; width: 80px;"
      >
        <div>
          birth_year
        </div>
      </th>
      <th
        style="text-align: left; white-space: nowrap; width: 80px;"
      >
        <div>
          death_year
        </div>
      </th>
      <th
        style="text-align: right; white-space: nowrap; width: 80px;"
      >
        <div>
          took_office
        </div>
      </th>
      <th
        style="text-align: left; white-space: nowrap; width: 80px;"
      >
        <div>
          left_office
        </div>
      </th>
    </tr>
  </thead>
  <tbody>
    <tr>
      <td
        style="width: 50px;"
      >
        4
      </td>
      <td
        style="width: 140px;"
      >
        James Madison
      </td>
      <td
        style="width: 120px;"
      >
        Democratic-Republican
      </td>
      <td
        style="width: 80px;"
      >
        1751
      </td>
      <td
        style="width: 80px;"
      >
        1836
      </td>
      <td
        style="width: 80px; text-align: right;"
      >
        1809-03-04
      </td>
      <td
        style="width: 80px;"
      >
        1817-03-04
      </td>
    </tr>
    <tr>
      <td
        style="width: 50px;"
      >
        5
      </td>
      <td
        style="width: 140px;"
      >
        James Monroe
      </td>
      <td
        style="width: 120px;"
      >
        Democratic-Republican
      </td>
      <td
        style="width: 80px;"
      >
        1758
      </td>
      <td
        style="width: 80px;"
      >
        1831
      </td>
      <td
        style="width: 80px; text-align: right;"
      >
        1817-03-04
      </td>
      <td
        style="width: 80px;"
      >
        1825-03-04
      </td>
    </tr>
    <tr>
      <td
        style="width: 50px;"
      >
        6
      </td>
      <td
        style="width: 140px;"
      >
        John Quincy Adams
      </td>
      <td
        style="width: 120px;"
      >
        Democratic-Republican
      </td>
      <td
        style="width: 80px;"
      >
        1767
      </td>
      <td
        style="width: 80px;"
      >
        1848
      </td>
      <td
        style="width: 80px; text-align: right;"
      >
        1825-03-04
      </td>
      <td
        style="width: 80px;"
      >
        1829-03-04
      </td>
    </tr>
    <tr>
      <td
        style="width: 50px;"
      >
        7
      </td>
      <td
        style="width: 140px;"
      >
        Andrew Jackson
      </td>
      <td
        style="width: 120px;"
      >
        Democratic
      </td>
      <td
        style="width: 80px;"
      >
        1767
      </td>
      <td
        style="width: 80px;"
      >
        1845
      </td>
      <td
        style="width: 80px; text-align: right;"
      >
        1829-03-04
      </td>
      <td
        style="width: 80px;"
      >
        1837-03-04
      </td>
    </tr>
    <tr>
      <td
        style="width: 50px;"
      >
        8
      </td>
      <td
        style="width: 140px;"
      >
        Martin Van Buren
      </td>
      <td
        style="width: 120px;"
      >
        Democratic
      </td>
      <td
        style="width: 80px;"
      >
        1782
      </td>
      <td
        style="width: 80px;"
      >
        1862
      </td>
      <td
        style="width: 80px; text-align: right;"
      >
        1837-03-04
      </td>
      <td
        style="width: 80px;"
      >
        1841-03-04
      </td>
    </tr>
  </tbody>
</table>
`;

exports[`basic re-render tests render only changed rows WithInternalPaging(ReactPowerTable) 1`] = `
<table>
  <thead>
    <tr>
      <th
        style="text-align: left; white-space: nowrap; width: 50px;"
      >
        <div>
          number
        </div>
      </th>
      <th
        style="text-align: left; white-space: nowrap; width: 140px;"
      >
        <div>
          name
        </div>
      </th>
      <th
        style="text-align: left; white-space: nowrap; width: 120px;"
      >
        <div>
          party
        </div>
      </th>
      <th
        style="text-align: left; white-space: nowrap; width: 80px;"
      >
        <div>
          birth_year
        </div>
      </th>
      <th
        style="text-align: left; white-space: nowrap; width: 80px;"
      >
        <div>
          death_year
        </div>
      </th>
      <th
        style="text-align: right; white-space: nowrap; width: 80px;"
      >
        <div>
          took_office
        </div>
      </th>
      <th
        style="text-align: left; white-space: nowrap; width: 80px;"
      >
        <div>
          left_office
        </div>
      </th>
    </tr>
  </thead>
  <tbody>
    <tr>
      <td
        style="width: 50px;"
      >
        1
      </td>
      <td
        style="width: 140px;"
      >
        George Washington
      </td>
      <td
        style="width: 120px;"
      >
        No Party
      </td>
      <td
        style="width: 80px;"
      >
        1732
      </td>
      <td
        style="width: 80px;"
      >
        1799
      </td>
      <td
        style="width: 80px; text-align: right;"
      >
        1789-04-30
      </td>
      <td
        style="width: 80px;"
      >
        1797-03-04
      </td>
    </tr>
    <tr>
      <td
        style="width: 50px;"
      >
        2
      </td>
      <td
        style="width: 140px;"
      >
        John Adams
      </td>
      <td
        style="width: 120px;"
      >
        Federalist
      </td>
      <td
        style="width: 80px;"
      >
        1735
      </td>
      <td
        style="width: 80px;"
      >
        1826
      </td>
      <td
        style="width: 80px; text-align: right;"
      >
        1797-03-04
      </td>
      <td
        style="width: 80px;"
      >
        1801-03-04
      </td>
    </tr>
    <tr>
      <td
        style="width: 50px;"
      >
        3
      </td>
      <td
        style="width: 140px;"
      >
        Thomas Jefferson
      </td>
      <td
        style="width: 120px;"
      >
        Democratic-Republican
      </td>
      <td
        style="width: 80px;"
      >
        1743
      </td>
      <td
        style="width: 80px;"
      >
        1826
      </td>
      <td
        style="width: 80px; text-align: right;"
      >
        1801-03-04
      </td>
      <td
        style="width: 80px;"
      >
        1809-03-04
      </td>
    </tr>
    <tr>
      <td
        style="width: 50px;"
      >
        4
      </td>
      <td
        style="width: 140px;"
      >
        James Madison
      </td>
      <td
        style="width: 120px;"
      >
        Democratic-Republican
      </td>
      <td
        style="width: 80px;"
      >
        1751
      </td>
      <td
        style="width: 80px;"
      >
        1836
      </td>
      <td
        style="width: 80px; text-align: right;"
      >
        1809-03-04
      </td>
      <td
        style="width: 80px;"
      >
        1817-03-04
      </td>
    </tr>
    <tr>
      <td
        style="width: 50px;"
      >
        5
      </td>
      <td
        style="width: 140px;"
      >
        James Monroe
      </td>
      <td
        style="width: 120px;"
      >
        Democratic-Republican
      </td>
      <td
        style="width: 80px;"
      >
        1758
      </td>
      <td
        style="width: 80px;"
      >
        1831
      </td>
      <td
        style="width: 80px; text-align: right;"
      >
        1817-03-04
      </td>
      <td
        style="width: 80px;"
      >
        1825-03-04
      </td>
    </tr>
  </tbody>
  <tfoot>
    <tr>
      <td
        colspan="7"
      >
        <table
          class="form-inline"
          style="width: 100%;"
        >
          <tbody>
            <tr>
              <td
                style="width: 33%; font-weight: bold;"
              >
                5 Records
              </td>
              <td
                style="width: 34%; text-align: center;"
              >
                <a
                  class="glyphicon glyphicon-fast-backward"
                  href="#"
                  style="text-decoration: none; color: silver; cursor: default;"
                />
                 
                <a
                  class="glyphicon glyphicon-backward"
                  href="#"
                  style="text-decoration: none; color: silver; cursor: default;"
                />
                 
                <span>
                  Page  
                  <span>
                    <input
                      class="form-control input-sm"
                      style="width: 60px;"
                      type="text"
                      value="1"
                    />
                  </span>
                    of 1
                </span>
                 
                <a
                  class="glyphicon glyphicon-forward"
                  href="#"
                  style="text-decoration: none; color: silver; cursor: default;"
                />
                 
                <a
                  class="glyphicon glyphicon-fast-forward"
                  href="#"
                  style="text-decoration: none; color: silver; cursor: default;"
                />
              </td>
              <td
                style="width: 33%; text-align: right;"
              >
                Show: 
                <select
                  class="form-control input-sm"
                  style="width: 80px;"
                >
                  <option
                    value="10"
                  >
                    10
                  </option>
                  <option
                    value="20"
                  >
                    20
                  </option>
                  <option
                    value="50"
                  >
                    50
                  </option>
                  <option
                    value="100"
                  >
                    100
                  </option>
                  <option
                    value="500"
                  >
                    500
                  </option>
                </select>
              </td>
            </tr>
          </tbody>
        </table>
      </td>
    </tr>
  </tfoot>
</table>
`;

exports[`basic re-render tests render only changed rows WithInternalPaging(ReactPowerTable) 2`] = `
<table>
  <thead>
    <tr>
      <th
        style="text-align: left; white-space: nowrap; width: 50px;"
      >
        <div>
          number
        </div>
      </th>
      <th
        style="text-align: left; white-space: nowrap; width: 140px;"
      >
        <div>
          name
        </div>
      </th>
      <th
        style="text-align: left; white-space: nowrap; width: 120px;"
      >
        <div>
          party
        </div>
      </th>
      <th
        style="text-align: left; white-space: nowrap; width: 80px;"
      >
        <div>
          birth_year
        </div>
      </th>
      <th
        style="text-align: left; white-space: nowrap; width: 80px;"
      >
        <div>
          death_year
        </div>
      </th>
      <th
        style="text-align: right; white-space: nowrap; width: 80px;"
      >
        <div>
          took_office
        </div>
      </th>
      <th
        style="text-align: left; white-space: nowrap; width: 80px;"
      >
        <div>
          left_office
        </div>
      </th>
    </tr>
  </thead>
  <tbody>
    <tr>
      <td
        style="width: 50px;"
      >
        4
      </td>
      <td
        style="width: 140px;"
      >
        James Madison
      </td>
      <td
        style="width: 120px;"
      >
        Democratic-Republican
      </td>
      <td
        style="width: 80px;"
      >
        1751
      </td>
      <td
        style="width: 80px;"
      >
        1836
      </td>
      <td
        style="width: 80px; text-align: right;"
      >
        1809-03-04
      </td>
      <td
        style="width: 80px;"
      >
        1817-03-04
      </td>
    </tr>
    <tr>
      <td
        style="width: 50px;"
      >
        5
      </td>
      <td
        style="width: 140px;"
      >
        James Monroe
      </td>
      <td
        style="width: 120px;"
      >
        Democratic-Republican
      </td>
      <td
        style="width: 80px;"
      >
        1758
      </td>
      <td
        style="width: 80px;"
      >
        1831
      </td>
      <td
        style="width: 80px; text-align: right;"
      >
        1817-03-04
      </td>
      <td
        style="width: 80px;"
      >
        1825-03-04
      </td>
    </tr>
    <tr>
      <td
        style="width: 50px;"
      >
        6
      </td>
      <td
        style="width: 140px;"
      >
        John Quincy Adams
      </td>
      <td
        style="width: 120px;"
      >
        Democratic-Republican
      </td>
      <td
        style="width: 80px;"
      >
        1767
      </td>
      <td
        style="width: 80px;"
      >
        1848
      </td>
      <td
        style="width: 80px; text-align: right;"
      >
        1825-03-04
      </td>
      <td
        style="width: 80px;"
      >
        1829-03-04
      </td>
    </tr>
    <tr>
      <td
        style="width: 50px;"
      >
        7
      </td>
      <td
        style="width: 140px;"
      >
        Andrew Jackson
      </td>
      <td
        style="width: 120px;"
      >
        Democratic
      </td>
      <td
        style="width: 80px;"
      >
        1767
      </td>
      <td
        style="width: 80px;"
      >
        1845
      </td>
      <td
        style="width: 80px; text-align: right;"
      >
        1829-03-04
      </td>
      <td
        style="width: 80px;"
      >
        1837-03-04
      </td>
    </tr>
    <tr>
      <td
        style="width: 50px;"
      >
        8
      </td>
      <td
        style="width: 140px;"
      >
        Martin Van Buren
      </td>
      <td
        style="width: 120px;"
      >
        Democratic
      </td>
      <td
        style="width: 80px;"
      >
        1782
      </td>
      <td
        style="width: 80px;"
      >
        1862
      </td>
      <td
        style="width: 80px; text-align: right;"
      >
        1837-03-04
      </td>
      <td
        style="width: 80px;"
      >
        1841-03-04
      </td>
    </tr>
  </tbody>
  <tfoot>
    <tr>
      <td
        colspan="7"
      >
        <table
          class="form-inline"
          style="width: 100%;"
        >
          <tbody>
            <tr>
              <td
                style="width: 33%; font-weight: bold;"
              >
                5 Records
              </td>
              <td
                style="width: 34%; text-align: center;"
              >
                <a
                  class="glyphicon glyphicon-fast-backward"
                  href="#"
                  style="text-decoration: none; color: silver; cursor: default;"
                />
                 
                <a
                  class="glyphicon glyphicon-backward"
                  href="#"
                  style="text-decoration: none; color: silver; cursor: default;"
                />
                 
                <span>
                  Page  
                  <span>
                    <input
                      class="form-control input-sm"
                      style="width: 60px;"
                      type="text"
                      value="1"
                    />
                  </span>
                    of 1
                </span>
                 
                <a
                  class="glyphicon glyphicon-forward"
                  href="#"
                  style="text-decoration: none; color: silver; cursor: default;"
                />
                 
                <a
                  class="glyphicon glyphicon-fast-forward"
                  href="#"
                  style="text-decoration: none; color: silver; cursor: default;"
                />
              </td>
              <td
                style="width: 33%; text-align: right;"
              >
                Show: 
                <select
                  class="form-control input-sm"
                  style="width: 80px;"
                >
                  <option
                    value="10"
                  >
                    10
                  </option>
                  <option
                    value="20"
                  >
                    20
                  </option>
                  <option
                    value="50"
                  >
                    50
                  </option>
                  <option
                    value="100"
                  >
                    100
                  </option>
                  <option
                    value="500"
                  >
                    500
                  </option>
                </select>
              </td>
            </tr>
          </tbody>
        </table>
      </td>
    </tr>
  </tfoot>
</table>
`;

exports[`basic re-render tests render only changed rows WithInternalSorting(ReactPowerTable) 1`] = `
<table>
  <thead>
    <tr>
      <th
        style="text-align: left; white-space: nowrap; cursor: pointer; width: 50px;"
      >
        <div
          style="padding-right: 15px; position: relative;"
        >
          number 
          <span
            class="sort-asc"
            style="width: 0px; height: 0px; border-left: 5px solid transparent; border-right: 5px solid transparent; border-bottom: 5px solid gray; position: absolute; margin-left: 5px;"
          />
        </div>
      </th>
      <th
        style="text-align: left; white-space: nowrap; cursor: pointer; width: 140px;"
      >
        <div>
          name
        </div>
      </th>
      <th
        style="text-align: left; white-space: nowrap; cursor: pointer; width: 120px;"
      >
        <div>
          party
        </div>
      </th>
      <th
        style="text-align: left; white-space: nowrap; cursor: pointer; width: 80px;"
      >
        <div>
          birth_year
        </div>
      </th>
      <th
        style="text-align: left; white-space: nowrap; cursor: pointer; width: 80px;"
      >
        <div>
          death_year
        </div>
      </th>
      <th
        style="text-align: right; white-space: nowrap; cursor: pointer; width: 80px;"
      >
        <div
          style="padding-right: 15px;"
        >
          took_office
        </div>
      </th>
      <th
        style="text-align: left; white-space: nowrap; cursor: pointer; width: 80px;"
      >
        <div>
          left_office
        </div>
      </th>
    </tr>
  </thead>
  <tbody>
    <tr>
      <td
        style="width: 50px;"
      >
        1
      </td>
      <td
        style="width: 140px;"
      >
        George Washington
      </td>
      <td
        style="width: 120px;"
      >
        No Party
      </td>
      <td
        style="width: 80px;"
      >
        1732
      </td>
      <td
        style="width: 80px;"
      >
        1799
      </td>
      <td
        style="padding-right: 23px; width: 80px; text-align: right;"
      >
        1789-04-30
      </td>
      <td
        style="width: 80px;"
      >
        1797-03-04
      </td>
    </tr>
    <tr>
      <td
        style="width: 50px;"
      >
        2
      </td>
      <td
        style="width: 140px;"
      >
        John Adams
      </td>
      <td
        style="width: 120px;"
      >
        Federalist
      </td>
      <td
        style="width: 80px;"
      >
        1735
      </td>
      <td
        style="width: 80px;"
      >
        1826
      </td>
      <td
        style="padding-right: 23px; width: 80px; text-align: right;"
      >
        1797-03-04
      </td>
      <td
        style="width: 80px;"
      >
        1801-03-04
      </td>
    </tr>
    <tr>
      <td
        style="width: 50px;"
      >
        3
      </td>
      <td
        style="width: 140px;"
      >
        Thomas Jefferson
      </td>
      <td
        style="width: 120px;"
      >
        Democratic-Republican
      </td>
      <td
        style="width: 80px;"
      >
        1743
      </td>
      <td
        style="width: 80px;"
      >
        1826
      </td>
      <td
        style="padding-right: 23px; width: 80px; text-align: right;"
      >
        1801-03-04
      </td>
      <td
        style="width: 80px;"
      >
        1809-03-04
      </td>
    </tr>
    <tr>
      <td
        style="width: 50px;"
      >
        4
      </td>
      <td
        style="width: 140px;"
      >
        James Madison
      </td>
      <td
        style="width: 120px;"
      >
        Democratic-Republican
      </td>
      <td
        style="width: 80px;"
      >
        1751
      </td>
      <td
        style="width: 80px;"
      >
        1836
      </td>
      <td
        style="padding-right: 23px; width: 80px; text-align: right;"
      >
        1809-03-04
      </td>
      <td
        style="width: 80px;"
      >
        1817-03-04
      </td>
    </tr>
    <tr>
      <td
        style="width: 50px;"
      >
        5
      </td>
      <td
        style="width: 140px;"
      >
        James Monroe
      </td>
      <td
        style="width: 120px;"
      >
        Democratic-Republican
      </td>
      <td
        style="width: 80px;"
      >
        1758
      </td>
      <td
        style="width: 80px;"
      >
        1831
      </td>
      <td
        style="padding-right: 23px; width: 80px; text-align: right;"
      >
        1817-03-04
      </td>
      <td
        style="width: 80px;"
      >
        1825-03-04
      </td>
    </tr>
  </tbody>
</table>
`;

exports[`basic re-render tests render only changed rows WithInternalSorting(ReactPowerTable) 2`] = `
<table>
  <thead>
    <tr>
      <th
        style="text-align: left; white-space: nowrap; cursor: pointer; width: 50px;"
      >
        <div
          style="padding-right: 15px; position: relative;"
        >
          number 
          <span
            class="sort-asc"
            style="width: 0px; height: 0px; border-left: 5px solid transparent; border-right: 5px solid transparent; border-bottom: 5px solid gray; position: absolute; margin-left: 5px;"
          />
        </div>
      </th>
      <th
        style="text-align: left; white-space: nowrap; cursor: pointer; width: 140px;"
      >
        <div>
          name
        </div>
      </th>
      <th
        style="text-align: left; white-space: nowrap; cursor: pointer; width: 120px;"
      >
        <div>
          party
        </div>
      </th>
      <th
        style="text-align: left; white-space: nowrap; cursor: pointer; width: 80px;"
      >
        <div>
          birth_year
        </div>
      </th>
      <th
        style="text-align: left; white-space: nowrap; cursor: pointer; width: 80px;"
      >
        <div>
          death_year
        </div>
      </th>
      <th
        style="text-align: right; white-space: nowrap; cursor: pointer; width: 80px;"
      >
        <div
          style="padding-right: 15px;"
        >
          took_office
        </div>
      </th>
      <th
        style="text-align: left; white-space: nowrap; cursor: pointer; width: 80px;"
      >
        <div>
          left_office
        </div>
      </th>
    </tr>
  </thead>
  <tbody>
    <tr>
      <td
        style="width: 50px;"
      >
        4
      </td>
      <td
        style="width: 140px;"
      >
        James Madison
      </td>
      <td
        style="width: 120px;"
      >
        Democratic-Republican
      </td>
      <td
        style="width: 80px;"
      >
        1751
      </td>
      <td
        style="width: 80px;"
      >
        1836
      </td>
      <td
        style="padding-right: 23px; width: 80px; text-align: right;"
      >
        1809-03-04
      </td>
      <td
        style="width: 80px;"
      >
        1817-03-04
      </td>
    </tr>
    <tr>
      <td
        style="width: 50px;"
      >
        5
      </td>
      <td
        style="width: 140px;"
      >
        James Monroe
      </td>
      <td
        style="width: 120px;"
      >
        Democratic-Republican
      </td>
      <td
        style="width: 80px;"
      >
        1758
      </td>
      <td
        style="width: 80px;"
      >
        1831
      </td>
      <td
        style="padding-right: 23px; width: 80px; text-align: right;"
      >
        1817-03-04
      </td>
      <td
        style="width: 80px;"
      >
        1825-03-04
      </td>
    </tr>
    <tr>
      <td
        style="width: 50px;"
      >
        6
      </td>
      <td
        style="width: 140px;"
      >
        John Quincy Adams
      </td>
      <td
        style="width: 120px;"
      >
        Democratic-Republican
      </td>
      <td
        style="width: 80px;"
      >
        1767
      </td>
      <td
        style="width: 80px;"
      >
        1848
      </td>
      <td
        style="padding-right: 23px; width: 80px; text-align: right;"
      >
        1825-03-04
      </td>
      <td
        style="width: 80px;"
      >
        1829-03-04
      </td>
    </tr>
    <tr>
      <td
        style="width: 50px;"
      >
        7
      </td>
      <td
        style="width: 140px;"
      >
        Andrew Jackson
      </td>
      <td
        style="width: 120px;"
      >
        Democratic
      </td>
      <td
        style="width: 80px;"
      >
        1767
      </td>
      <td
        style="width: 80px;"
      >
        1845
      </td>
      <td
        style="padding-right: 23px; width: 80px; text-align: right;"
      >
        1829-03-04
      </td>
      <td
        style="width: 80px;"
      >
        1837-03-04
      </td>
    </tr>
    <tr>
      <td
        style="width: 50px;"
      >
        8
      </td>
      <td
        style="width: 140px;"
      >
        Martin Van Buren
      </td>
      <td
        style="width: 120px;"
      >
        Democratic
      </td>
      <td
        style="width: 80px;"
      >
        1782
      </td>
      <td
        style="width: 80px;"
      >
        1862
      </td>
      <td
        style="padding-right: 23px; width: 80px; text-align: right;"
      >
        1837-03-04
      </td>
      <td
        style="width: 80px;"
      >
        1841-03-04
      </td>
    </tr>
  </tbody>
</table>
`;
